python : Failed to process bd550e59-c700-43c8-96a1-17fddaa75955_test.pdf: [WinError 32] The process cannot access the 
file because it is being used by another process: 'C:\\Users\\HP\\AppData\\Local\\Temp\\tmpy6vdh3ph.pdf'
At line:1 char:44
+ ... eryWise AI\backend"; python test_processing.py > test_output.txt 2>&1
+                          ~~~~~~~~~~~~~~~~~~~~~~~~~~~~~~~~~~~~~~~~~~~~~~~~
    + CategoryInfo          : NotSpecified: (Failed to proce...mpy6vdh3ph.pdf':String) [], RemoteException
    + FullyQualifiedErrorId : NativeCommandError
 
Traceback (most recent call last):
  File "D:\QweryWise AI\test_processing.py", line 42, in test
    process_document(file_name, doc_id)
    ~~~~~~~~~~~~~~~~^^^^^^^^^^^^^^^^^^^
  File "D:\QweryWise AI\backend\app\services\rag_pipeline.py", line 94, in process_document
  File "D:\QweryWise AI\backend\app\services\rag_pipeline.py", line 41, in process_document
    temp_file.close() # Close it so MinIO can write to it (Windows limitation)
        ~~~~~~~~~~~^^~~~~~~~~~~~~~~~~~~~~~~~~~~~~~~~~~~~~~~~~~~~~~~~~~~~~~~~~~
  File "C:\Users\HP\AppData\Local\Programs\Python\Python313\Lib\site-packages\minio\api.py", line 1158, in fget_object
    os.remove(file_path)  # For windows compatibility.
    ~~~~~~~~~^^^^^^^^^^^
PermissionError: [WinError 32] The process cannot access the file because it is being used by another process: 
'C:\\Users\\HP\\AppData\\Local\\Temp\\tmpy6vdh3ph.pdf'
Uploaded test file bd550e59-c700-43c8-96a1-17fddaa75955_test.pdf
Error occurred: [WinError 32] The process cannot access the file because it is being used by another process: 'C:\\Users\\HP\\AppData\\Local\\Temp\\tmpy6vdh3ph.pdf'
